// Jest Snapshot v1, https://goo.gl/fbAQLP

exports[`renders the container 1`] = `
<div>
  <div
    class="deals-container"
    data-testid="deals-container"
  >
    <div
      class="deal"
      data-testid="deal"
    >
      <span>
        Deal 
        1
      </span>
      <span>
        $
        1
      </span>
    </div>
    <div
      class="deal"
      data-testid="deal"
    >
      <span>
        Deal 
        2
      </span>
      <span>
        $
        2
      </span>
    </div>
    <div
      class="deal"
      data-testid="deal"
    >
      <span>
        Deal 
        3
      </span>
      <span>
        $
        3
      </span>
    </div>
    <div
      class="deal"
      data-testid="deal"
    >
      <span>
        Deal 
        4
      </span>
      <span>
        $
        4
      </span>
    </div>
    <div
      class="deal"
      data-testid="deal"
    >
      <span>
        Deal 
        5
      </span>
      <span>
        $
        50
      </span>
    </div>
    <div
      class="add-deal"
    >
      <span
        data-testid="add-deal-btn"
      >
        Add Deal
      </span>
    </div>
  </div>
</div>
`;
